// Vitest Snapshot v1, https://vitest.dev/guide/snapshot.html

exports[`mac updates 1`] = `
[
  "checking-for-update",
  "update-available",
]
`;
